ðŸŒŸ This was machine generated.  Do not edit. ðŸŒŸ

Frame[0] {}
Name: ingress
Dimensions: 2 Fields by 1 Rows
+-------------------------------+---------------------------------+
| Name: _time                   | Name: file_size                 |
| Labels:                       | Labels: dead=true, train=350117 |
| Type: []*time.Time            | Type: []*int64                  |
+-------------------------------+---------------------------------+
| 2020-11-09 17:27:00 +0000 UTC | 3339                            |
+-------------------------------+---------------------------------+



Frame[1] 
Name: ingress
Dimensions: 2 Fields by 1 Rows
+-------------------------------+---------------------------------+
| Name: _time                   | Name: file_size                 |
| Labels:                       | Labels: dead=true, train=350125 |
| Type: []*time.Time            | Type: []*int64                  |
+-------------------------------+---------------------------------+
| 2020-11-10 12:29:00 +0000 UTC | 3666                            |
+-------------------------------+---------------------------------+



Frame[2] 
Name: ingress
Dimensions: 2 Fields by 1 Rows
+-------------------------------+---------------------------------+
| Name: _time                   | Name: file_size                 |
| Labels:                       | Labels: dead=true, train=350236 |
| Type: []*time.Time            | Type: []*int64                  |
+-------------------------------+---------------------------------+
| 2020-11-09 19:01:00 +0000 UTC | 3570                            |
+-------------------------------+---------------------------------+



Frame[3] 
Name: ingress
Dimensions: 2 Fields by 1 Rows
+-------------------------------+---------------------------------+
| Name: _time                   | Name: file_size                 |
| Labels:                       | Labels: dead=true, train=350410 |
| Type: []*time.Time            | Type: []*int64                  |
+-------------------------------+---------------------------------+
| 2020-11-09 07:13:00 +0000 UTC | 2772                            |
+-------------------------------+---------------------------------+


====== TEST DATA RESPONSE (arrow base64) ======
FRAME=QVJST1cxAAD/////6AEAABAAAAAAAAoADgAMAAsABAAKAAAAFAAAAAAAAAEDAAoADAAAAAgABAAKAAAACAAAAHgAAAADAAAAUAAAACgAAAAEAAAArP7//wgAAAAMAAAAAAAAAAAAAAAFAAAAcmVmSWQAAADM/v//CAAAABAAAAAHAAAAaW5ncmVzcwAEAAAAbmFtZQAAAADw/v//CAAAAAwAAAACAAAAe30AAAQAAABtZXRhAAAAAAIAAADMAAAABAAAAE7///8UAAAAhAAAAIwAAAAAAAIBkAAAAAIAAAAwAAAABAAAAED///8IAAAAFAAAAAkAAABmaWxlX3NpemUAAAAEAAAAbmFtZQAAAABo////CAAAACwAAAAgAAAAeyJkZWFkIjoidHJ1ZSIsInRyYWluIjoiMzUwMTE3In0AAAAABgAAAGxhYmVscwAAAAAAAAgADAAIAAcACAAAAAAAAAFAAAAACQAAAGZpbGVfc2l6ZQASABgAFAATABIADAAAAAgABAASAAAAFAAAAEQAAABMAAAAAAAKAUwAAAABAAAADAAAAAgADAAIAAQACAAAAAgAAAAQAAAABQAAAF90aW1lAAAABAAAAG5hbWUAAAAAAAAAAAAABgAIAAYABgAAAAAAAwAFAAAAX3RpbWUAAAAAAAAA/////7gAAAAUAAAAAAAAAAwAFgAUABMADAAEAAwAAAAQAAAAAAAAABQAAAAAAAADAwAKABgADAAIAAQACgAAABQAAABYAAAAAQAAAAAAAAAAAAAABAAAAAAAAAAAAAAAAAAAAAAAAAAAAAAAAAAAAAgAAAAAAAAACAAAAAAAAAAAAAAAAAAAAAgAAAAAAAAACAAAAAAAAAAAAAAAAgAAAAEAAAAAAAAAAAAAAAAAAAABAAAAAAAAAAAAAAAAAAAAAOjpzv3mRRYLDQAAAAAAABAAAAAMABQAEgAMAAgABAAMAAAAEAAAACwAAAA4AAAAAAADAAEAAAD4AQAAAAAAAMAAAAAAAAAAEAAAAAAAAAAAAAAAAAAAAAAACgAMAAAACAAEAAoAAAAIAAAAeAAAAAMAAABQAAAAKAAAAAQAAACs/v//CAAAAAwAAAAAAAAAAAAAAAUAAAByZWZJZAAAAMz+//8IAAAAEAAAAAcAAABpbmdyZXNzAAQAAABuYW1lAAAAAPD+//8IAAAADAAAAAIAAAB7fQAABAAAAG1ldGEAAAAAAgAAAMwAAAAEAAAATv///xQAAACEAAAAjAAAAAAAAgGQAAAAAgAAADAAAAAEAAAAQP///wgAAAAUAAAACQAAAGZpbGVfc2l6ZQAAAAQAAABuYW1lAAAAAGj///8IAAAALAAAACAAAAB7ImRlYWQiOiJ0cnVlIiwidHJhaW4iOiIzNTAxMTcifQAAAAAGAAAAbGFiZWxzAAAAAAAACAAMAAgABwAIAAAAAAAAAUAAAAAJAAAAZmlsZV9zaXplABIAGAAUABMAEgAMAAAACAAEABIAAAAUAAAARAAAAEwAAAAAAAoBTAAAAAEAAAAMAAAACAAMAAgABAAIAAAACAAAABAAAAAFAAAAX3RpbWUAAAAEAAAAbmFtZQAAAAAAAAAAAAAGAAgABgAGAAAAAAADAAUAAABfdGltZQAAABACAABBUlJPVzE=
FRAME=QVJST1cxAAD/////wAEAABAAAAAAAAoADgAMAAsABAAKAAAAFAAAAAAAAAEDAAoADAAAAAgABAAKAAAACAAAAFQAAAACAAAAKAAAAAQAAADM/v//CAAAAAwAAAAAAAAAAAAAAAUAAAByZWZJZAAAAOz+//8IAAAAEAAAAAcAAABpbmdyZXNzAAQAAABuYW1lAAAAAAIAAADMAAAABAAAAE7///8UAAAAhAAAAIwAAAAAAAIBkAAAAAIAAAAwAAAABAAAAED///8IAAAAFAAAAAkAAABmaWxlX3NpemUAAAAEAAAAbmFtZQAAAABo////CAAAACwAAAAgAAAAeyJkZWFkIjoidHJ1ZSIsInRyYWluIjoiMzUwMTI1In0AAAAABgAAAGxhYmVscwAAAAAAAAgADAAIAAcACAAAAAAAAAFAAAAACQAAAGZpbGVfc2l6ZQASABgAFAATABIADAAAAAgABAASAAAAFAAAAEQAAABMAAAAAAAKAUwAAAABAAAADAAAAAgADAAIAAQACAAAAAgAAAAQAAAABQAAAF90aW1lAAAABAAAAG5hbWUAAAAAAAAAAAAABgAIAAYABgAAAAAAAwAFAAAAX3RpbWUAAAD/////uAAAABQAAAAAAAAADAAWABQAEwAMAAQADAAAABAAAAAAAAAAFAAAAAAAAAMDAAoAGAAMAAgABAAKAAAAFAAAAFgAAAABAAAAAAAAAAAAAAAEAAAAAAAAAAAAAAAAAAAAAAAAAAAAAAAAAAAACAAAAAAAAAAIAAAAAAAAAAAAAAAAAAAACAAAAAAAAAAIAAAAAAAAAAAAAAACAAAAAQAAAAAAAAAAAAAAAAAAAAEAAAAAAAAAAAAAAAAAAAAAeCxdTyVGFlIOAAAAAAAAEAAAAAwAFAASAAwACAAEAAwAAAAQAAAALAAAADwAAAAAAAMAAQAAANABAAAAAAAAwAAAAAAAAAAQAAAAAAAAAAAAAAAAAAAAAAAAAAAACgAMAAAACAAEAAoAAAAIAAAAVAAAAAIAAAAoAAAABAAAAMz+//8IAAAADAAAAAAAAAAAAAAABQAAAHJlZklkAAAA7P7//wgAAAAQAAAABwAAAGluZ3Jlc3MABAAAAG5hbWUAAAAAAgAAAMwAAAAEAAAATv///xQAAACEAAAAjAAAAAAAAgGQAAAAAgAAADAAAAAEAAAAQP///wgAAAAUAAAACQAAAGZpbGVfc2l6ZQAAAAQAAABuYW1lAAAAAGj///8IAAAALAAAACAAAAB7ImRlYWQiOiJ0cnVlIiwidHJhaW4iOiIzNTAxMjUifQAAAAAGAAAAbGFiZWxzAAAAAAAACAAMAAgABwAIAAAAAAAAAUAAAAAJAAAAZmlsZV9zaXplABIAGAAUABMAEgAMAAAACAAEABIAAAAUAAAARAAAAEwAAAAAAAoBTAAAAAEAAAAMAAAACAAMAAgABAAIAAAACAAAABAAAAAFAAAAX3RpbWUAAAAEAAAAbmFtZQAAAAAAAAAAAAAGAAgABgAGAAAAAAADAAUAAABfdGltZQAAAPABAABBUlJPVzE=
FRAME=QVJST1cxAAD/////wAEAABAAAAAAAAoADgAMAAsABAAKAAAAFAAAAAAAAAEDAAoADAAAAAgABAAKAAAACAAAAFQAAAACAAAAKAAAAAQAAADM/v//CAAAAAwAAAAAAAAAAAAAAAUAAAByZWZJZAAAAOz+//8IAAAAEAAAAAcAAABpbmdyZXNzAAQAAABuYW1lAAAAAAIAAADMAAAABAAAAE7///8UAAAAhAAAAIwAAAAAAAIBkAAAAAIAAAAwAAAABAAAAED///8IAAAAFAAAAAkAAABmaWxlX3NpemUAAAAEAAAAbmFtZQAAAABo////CAAAACwAAAAgAAAAeyJkZWFkIjoidHJ1ZSIsInRyYWluIjoiMzUwMjM2In0AAAAABgAAAGxhYmVscwAAAAAAAAgADAAIAAcACAAAAAAAAAFAAAAACQAAAGZpbGVfc2l6ZQASABgAFAATABIADAAAAAgABAASAAAAFAAAAEQAAABMAAAAAAAKAUwAAAABAAAADAAAAAgADAAIAAQACAAAAAgAAAAQAAAABQAAAF90aW1lAAAABAAAAG5hbWUAAAAAAAAAAAAABgAIAAYABgAAAAAAAwAFAAAAX3RpbWUAAAD/////uAAAABQAAAAAAAAADAAWABQAEwAMAAQADAAAABAAAAAAAAAAFAAAAAAAAAMDAAoAGAAMAAgABAAKAAAAFAAAAFgAAAABAAAAAAAAAAAAAAAEAAAAAAAAAAAAAAAAAAAAAAAAAAAAAAAAAAAACAAAAAAAAAAIAAAAAAAAAAAAAAAAAAAACAAAAAAAAAAIAAAAAAAAAAAAAAACAAAAAQAAAAAAAAAAAAAAAAAAAAEAAAAAAAAAAAAAAAAAAAAAOBz5HuxFFvINAAAAAAAAEAAAAAwAFAASAAwACAAEAAwAAAAQAAAALAAAADwAAAAAAAMAAQAAANABAAAAAAAAwAAAAAAAAAAQAAAAAAAAAAAAAAAAAAAAAAAAAAAACgAMAAAACAAEAAoAAAAIAAAAVAAAAAIAAAAoAAAABAAAAMz+//8IAAAADAAAAAAAAAAAAAAABQAAAHJlZklkAAAA7P7//wgAAAAQAAAABwAAAGluZ3Jlc3MABAAAAG5hbWUAAAAAAgAAAMwAAAAEAAAATv///xQAAACEAAAAjAAAAAAAAgGQAAAAAgAAADAAAAAEAAAAQP///wgAAAAUAAAACQAAAGZpbGVfc2l6ZQAAAAQAAABuYW1lAAAAAGj///8IAAAALAAAACAAAAB7ImRlYWQiOiJ0cnVlIiwidHJhaW4iOiIzNTAyMzYifQAAAAAGAAAAbGFiZWxzAAAAAAAACAAMAAgABwAIAAAAAAAAAUAAAAAJAAAAZmlsZV9zaXplABIAGAAUABMAEgAMAAAACAAEABIAAAAUAAAARAAAAEwAAAAAAAoBTAAAAAEAAAAMAAAACAAMAAgABAAIAAAACAAAABAAAAAFAAAAX3RpbWUAAAAEAAAAbmFtZQAAAAAAAAAAAAAGAAgABgAGAAAAAAADAAUAAABfdGltZQAAAPABAABBUlJPVzE=
FRAME=QVJST1cxAAD/////wAEAABAAAAAAAAoADgAMAAsABAAKAAAAFAAAAAAAAAEDAAoADAAAAAgABAAKAAAACAAAAFQAAAACAAAAKAAAAAQAAADM/v//CAAAAAwAAAAAAAAAAAAAAAUAAAByZWZJZAAAAOz+//8IAAAAEAAAAAcAAABpbmdyZXNzAAQAAABuYW1lAAAAAAIAAADMAAAABAAAAE7///8UAAAAhAAAAIwAAAAAAAIBkAAAAAIAAAAwAAAABAAAAED///8IAAAAFAAAAAkAAABmaWxlX3NpemUAAAAEAAAAbmFtZQAAAABo////CAAAACwAAAAgAAAAeyJkZWFkIjoidHJ1ZSIsInRyYWluIjoiMzUwNDEwIn0AAAAABgAAAGxhYmVscwAAAAAAAAgADAAIAAcACAAAAAAAAAFAAAAACQAAAGZpbGVfc2l6ZQASABgAFAATABIADAAAAAgABAASAAAAFAAAAEQAAABMAAAAAAAKAUwAAAABAAAADAAAAAgADAAIAAQACAAAAAgAAAAQAAAABQAAAF90aW1lAAAABAAAAG5hbWUAAAAAAAAAAAAABgAIAAYABgAAAAAAAwAFAAAAX3RpbWUAAAD/////uAAAABQAAAAAAAAADAAWABQAEwAMAAQADAAAABAAAAAAAAAAFAAAAAAAAAMDAAoAGAAMAAgABAAKAAAAFAAAAFgAAAABAAAAAAAAAAAAAAAEAAAAAAAAAAAAAAAAAAAAAAAAAAAAAAAAAAAACAAAAAAAAAAIAAAAAAAAAAAAAAAAAAAACAAAAAAAAAAIAAAAAAAAAAAAAAACAAAAAQAAAAAAAAAAAAAAAAAAAAEAAAAAAAAAAAAAAAAAAAAA2MxTfMVFFtQKAAAAAAAAEAAAAAwAFAASAAwACAAEAAwAAAAQAAAALAAAADwAAAAAAAMAAQAAANABAAAAAAAAwAAAAAAAAAAQAAAAAAAAAAAAAAAAAAAAAAAAAAAACgAMAAAACAAEAAoAAAAIAAAAVAAAAAIAAAAoAAAABAAAAMz+//8IAAAADAAAAAAAAAAAAAAABQAAAHJlZklkAAAA7P7//wgAAAAQAAAABwAAAGluZ3Jlc3MABAAAAG5hbWUAAAAAAgAAAMwAAAAEAAAATv///xQAAACEAAAAjAAAAAAAAgGQAAAAAgAAADAAAAAEAAAAQP///wgAAAAUAAAACQAAAGZpbGVfc2l6ZQAAAAQAAABuYW1lAAAAAGj///8IAAAALAAAACAAAAB7ImRlYWQiOiJ0cnVlIiwidHJhaW4iOiIzNTA0MTAifQAAAAAGAAAAbGFiZWxzAAAAAAAACAAMAAgABwAIAAAAAAAAAUAAAAAJAAAAZmlsZV9zaXplABIAGAAUABMAEgAMAAAACAAEABIAAAAUAAAARAAAAEwAAAAAAAoBTAAAAAEAAAAMAAAACAAMAAgABAAIAAAACAAAABAAAAAFAAAAX3RpbWUAAAAEAAAAbmFtZQAAAAAAAAAAAAAGAAgABgAGAAAAAAADAAUAAABfdGltZQAAAPABAABBUlJPVzE=
