ðŸŒŸ This was machine generated.  Do not edit. ðŸŒŸ

Frame[0] 
Name: system
Dimensions: 5 Fields by 4 Rows
+----------------+-------------------------------+------------------+------------------+-----------------+
| Name: labels   | Name: time                    | Name: sensor     | Name: sensor2    | Name: state     |
| Labels:        | Labels:                       | Labels:          | Labels:          | Labels:         |
| Type: []string | Type: []time.Time             | Type: []*float64 | Type: []*float64 | Type: []*string |
+----------------+-------------------------------+------------------+------------------+-----------------+
| host=A         | 2021-03-22 11:51:30 +0300 MSK | 0                | null             | aaa             |
| host=B         | 2021-03-22 11:51:30 +0300 MSK | null             | 0                | bbb             |
| host=A         | 2021-03-22 11:51:31 +0300 MSK | null             | 0                | ccc             |
| host=B         | 2021-03-22 11:51:31 +0300 MSK | 0                | null             | 1               |
+----------------+-------------------------------+------------------+------------------+-----------------+


====== TEST DATA RESPONSE (arrow base64) ======
FRAME=QVJST1cxAAD/////mAIAABAAAAAAAAoADgAMAAsABAAKAAAAFAAAAAAAAAEDAAoADAAAAAgABAAKAAAACAAAAFQAAAACAAAAKAAAAAQAAADs/f//CAAAAAwAAAAAAAAAAAAAAAUAAAByZWZJZAAAAAz+//8IAAAAEAAAAAYAAABzeXN0ZW0AAAQAAABuYW1lAAAAAAUAAACsAQAANAEAANQAAABgAAAABAAAAEr///8UAAAAPAAAADwAAAAAAAUBOAAAAAEAAAAEAAAAaP7//wgAAAAQAAAABQAAAHN0YXRlAAAABAAAAG5hbWUAAAAAAAAAAGD+//8FAAAAc3RhdGUAAACi////FAAAADwAAAA8AAAAAAADATwAAAABAAAABAAAAMD+//8IAAAAEAAAAAcAAABzZW5zb3IyAAQAAABuYW1lAAAAAAAAAAAy////AAACAAcAAABzZW5zb3IyAAAAEgAYABQAEwASAAwAAAAIAAQAEgAAABQAAAA8AAAAPAAAAAAAAwE8AAAAAQAAAAQAAAAw////CAAAABAAAAAGAAAAc2Vuc29yAAAEAAAAbmFtZQAAAAAAAAAAov///wAAAgAGAAAAc2Vuc29yAACe////FAAAADwAAABEAAAAAAAACkQAAAABAAAABAAAAIz///8IAAAAEAAAAAQAAAB0aW1lAAAAAAQAAABuYW1lAAAAAAAAAAAAAAYACAAGAAYAAAAAAAMABAAAAHRpbWUAABIAGAAUAAAAEwAMAAAACAAEABIAAAAUAAAARAAAAEgAAAAAAAAFRAAAAAEAAAAMAAAACAAMAAgABAAIAAAACAAAABAAAAAGAAAAbGFiZWxzAAAEAAAAbmFtZQAAAAAAAAAABAAEAAQAAAAGAAAAbGFiZWxzAAD/////aAEAABQAAAAAAAAADAAWABQAEwAMAAQADAAAAMgAAAAAAAAAFAAAAAAAAAMDAAoAGAAMAAgABAAKAAAAFAAAANgAAAAEAAAAAAAAAAAAAAAMAAAAAAAAAAAAAAAAAAAAAAAAAAAAAAAAAAAAGAAAAAAAAAAYAAAAAAAAABgAAAAAAAAAMAAAAAAAAAAAAAAAAAAAADAAAAAAAAAAIAAAAAAAAABQAAAAAAAAAAgAAAAAAAAAWAAAAAAAAAAgAAAAAAAAAHgAAAAAAAAACAAAAAAAAACAAAAAAAAAACAAAAAAAAAAoAAAAAAAAAAAAAAAAAAAAKAAAAAAAAAAGAAAAAAAAAC4AAAAAAAAABAAAAAAAAAAAAAAAAUAAAAEAAAAAAAAAAAAAAAAAAAABAAAAAAAAAAAAAAAAAAAAAQAAAAAAAAAAgAAAAAAAAAEAAAAAAAAAAIAAAAAAAAABAAAAAAAAAAAAAAAAAAAAAAAAAAGAAAADAAAABIAAAAYAAAAAAAAAGhvc3Q9QWhvc3Q9Qmhvc3Q9QWhvc3Q9QgA0S9kLnm4WADRL2QuebhYA/uUUDJ5uFgD+5RQMnm4WCQAAAAAAAAAAAAAAAAAAAAAAAAAAAAAAAAAAAAAAAAAAAAAAAAAAAAYAAAAAAAAAAAAAAAAAAAAAAAAAAAAAAAAAAAAAAAAAAAAAAAAAAAAAAAAAAwAAAAYAAAAJAAAACgAAAAAAAABhYWFiYmJjY2MxAAAAAAAAEAAAAAwAFAASAAwACAAEAAwAAAAQAAAALAAAADwAAAAAAAMAAQAAAKgCAAAAAAAAcAEAAAAAAADIAAAAAAAAAAAAAAAAAAAAAAAAAAAACgAMAAAACAAEAAoAAAAIAAAAVAAAAAIAAAAoAAAABAAAAOz9//8IAAAADAAAAAAAAAAAAAAABQAAAHJlZklkAAAADP7//wgAAAAQAAAABgAAAHN5c3RlbQAABAAAAG5hbWUAAAAABQAAAKwBAAA0AQAA1AAAAGAAAAAEAAAASv///xQAAAA8AAAAPAAAAAAABQE4AAAAAQAAAAQAAABo/v//CAAAABAAAAAFAAAAc3RhdGUAAAAEAAAAbmFtZQAAAAAAAAAAYP7//wUAAABzdGF0ZQAAAKL///8UAAAAPAAAADwAAAAAAAMBPAAAAAEAAAAEAAAAwP7//wgAAAAQAAAABwAAAHNlbnNvcjIABAAAAG5hbWUAAAAAAAAAADL///8AAAIABwAAAHNlbnNvcjIAAAASABgAFAATABIADAAAAAgABAASAAAAFAAAADwAAAA8AAAAAAADATwAAAABAAAABAAAADD///8IAAAAEAAAAAYAAABzZW5zb3IAAAQAAABuYW1lAAAAAAAAAACi////AAACAAYAAABzZW5zb3IAAJ7///8UAAAAPAAAAEQAAAAAAAAKRAAAAAEAAAAEAAAAjP///wgAAAAQAAAABAAAAHRpbWUAAAAABAAAAG5hbWUAAAAAAAAAAAAABgAIAAYABgAAAAAAAwAEAAAAdGltZQAAEgAYABQAAAATAAwAAAAIAAQAEgAAABQAAABEAAAASAAAAAAAAAVEAAAAAQAAAAwAAAAIAAwACAAEAAgAAAAIAAAAEAAAAAYAAABsYWJlbHMAAAQAAABuYW1lAAAAAAAAAAAEAAQABAAAAAYAAABsYWJlbHMAAMgCAABBUlJPVzE=
