// Jest Snapshot v1, https://goo.gl/fbAQLP

exports[`Gauge Panel Migrations from 6.1.1 1`] = `
{
  "orientation": "auto",
  "reduceOptions": {
    "calcs": [
      "last",
    ],
    "limit": undefined,
    "values": undefined,
  },
  "showThresholdLabels": true,
  "showThresholdMarkers": true,
}
`;
