// Jest Snapshot v1, https://goo.gl/fbAQLP

exports[`transformSceneToSaveModelSchemaV2 should transform scene to save model schema v2 1`] = `
{
  "annotations": [
    {
      "kind": "AnnotationQuery",
      "spec": {
        "builtIn": false,
        "datasource": {
          "type": "grafana",
          "uid": "-- Grafana --",
        },
        "enable": true,
        "filter": {
          "exclude": false,
          "ids": [],
        },
        "hide": false,
        "iconColor": "red",
        "name": "query1",
        "query": {
          "kind": "grafana",
          "spec": {
            "enable": true,
            "iconColor": "red",
            "name": "query1",
          },
        },
      },
    },
    {
      "kind": "AnnotationQuery",
      "spec": {
        "builtIn": false,
        "datasource": {
          "type": "prometheus",
          "uid": "abcdef",
        },
        "enable": true,
        "filter": {
          "exclude": false,
          "ids": [],
        },
        "hide": true,
        "iconColor": "blue",
        "name": "query2",
        "query": {
          "kind": "prometheus",
          "spec": {
            "enable": true,
            "iconColor": "blue",
            "name": "query2",
          },
        },
      },
    },
    {
      "kind": "AnnotationQuery",
      "spec": {
        "builtIn": false,
        "datasource": {
          "type": "loki",
          "uid": "Loki",
        },
        "enable": true,
        "filter": {
          "exclude": false,
          "ids": [],
        },
        "hide": true,
        "iconColor": "green",
        "name": "query3",
        "query": {
          "kind": "loki",
          "spec": {
            "enable": true,
            "iconColor": "green",
            "name": "query3",
          },
        },
      },
    },
  ],
  "cursorSync": "Crosshair",
  "description": "Test Description",
  "editable": true,
  "elements": {
    "test-panel-uid": {
      "kind": "Panel",
      "spec": {
        "data": {
          "kind": "QueryGroup",
          "spec": {
            "queries": [],
            "queryOptions": {},
            "transformations": [],
          },
        },
        "description": "Test Description",
        "links": [
          {
            "targetBlank": true,
            "title": "Test Link 1",
            "url": "http://test1.com",
          },
          {
            "title": "Test Link 2",
            "url": "http://test2.com",
          },
        ],
        "title": "Test Panel",
        "uid": "test-panel-uid",
        "vizConfig": {
          "kind": "timeseries",
          "spec": {
            "fieldConfig": {
              "defaults": {},
              "overrides": [],
            },
            "options": {},
            "pluginVersion": "7.0.0",
          },
        },
      },
    },
  },
  "layout": {
    "kind": "GridLayout",
    "spec": {
      "items": [
        {
          "kind": "GridLayoutItem",
          "spec": {
            "element": {
              "kind": "ElementReference",
              "name": "test-panel-uid",
            },
            "height": 0,
            "width": 0,
            "x": 0,
            "y": 0,
          },
        },
      ],
    },
  },
  "links": [
    {
      "asDropdown": false,
      "icon": "",
      "includeVars": false,
      "keepTime": false,
      "tags": [],
      "targetBlank": false,
      "title": "Test Link",
      "tooltip": "",
      "type": "link",
      "url": "http://test.com",
    },
  ],
  "liveNow": true,
  "preload": true,
  "schemaVersion": 40,
  "tags": [
    "tag1",
    "tag2",
  ],
  "timeSettings": {
    "autoRefresh": "5s",
    "autoRefreshIntervals": [
      "5s",
      "10s",
      "30s",
    ],
    "fiscalYearStartMonth": 1,
    "from": "now-1h",
    "hideTimepicker": false,
    "nowDelay": "1m",
    "quickRanges": [],
    "timezone": "UTC",
    "to": "now",
    "weekStart": "monday",
  },
  "title": "Test Dashboard",
  "variables": [
    {
      "kind": "QueryVariable",
      "spec": {
        "allValue": "*",
        "current": {
          "text": "text1",
          "value": "value1",
        },
        "datasource": {
          "type": "prometheus",
          "uid": "datasource1",
        },
        "definition": "definition1",
        "description": "A query variable",
        "hide": "hideLabel",
        "includeAll": true,
        "label": "Query Variable",
        "multi": true,
        "name": "queryVar",
        "options": [],
        "query": "query1",
        "refresh": "onDashboardLoad",
        "regex": "regex1",
        "skipUrlSync": false,
        "sort": "alphabeticalDesc",
      },
    },
    {
      "kind": "CustomVariable",
      "spec": {
        "allValue": "All",
        "current": {
          "text": "option1",
          "value": "option1",
        },
        "description": "A custom variable",
        "hide": "dontHide",
        "includeAll": true,
        "label": "Custom Variable",
        "multi": true,
        "name": "customVar",
        "options": [
          {
            "selected": true,
            "text": "option1",
            "value": "option1",
          },
          {
            "selected": false,
            "text": "option2",
            "value": "option2",
          },
        ],
        "query": "option1, option2",
        "skipUrlSync": false,
      },
    },
    {
      "kind": "DatasourceVariable",
      "spec": {
        "allValue": undefined,
        "current": {
          "text": "text1",
          "value": "value1",
        },
        "defaultOptionEnabled": true,
        "description": "A datasource variable",
        "hide": "dontHide",
        "includeAll": false,
        "label": "Datasource Variable",
        "multi": false,
        "name": "datasourceVar",
        "options": [],
        "pluginId": "datasource1",
        "refresh": "onDashboardLoad",
        "regex": "regex1",
        "skipUrlSync": false,
      },
    },
    {
      "kind": "ConstantVariable",
      "spec": {
        "current": {
          "text": "value4",
          "value": "value4",
        },
        "description": "A constant variable",
        "hide": "dontHide",
        "label": "Constant Variable",
        "name": "constantVar",
        "query": "value4",
        "skipUrlSync": true,
      },
    },
    {
      "kind": "IntervalVariable",
      "spec": {
        "auto": false,
        "auto_count": 10,
        "auto_min": "1m",
        "current": {
          "text": "1m",
          "value": "1m",
        },
        "description": "An interval variable",
        "hide": "dontHide",
        "label": "Interval Variable",
        "name": "intervalVar",
        "options": [
          {
            "selected": true,
            "text": "1m",
            "value": "1m",
          },
          {
            "selected": false,
            "text": "5m",
            "value": "5m",
          },
          {
            "selected": false,
            "text": "10m",
            "value": "10m",
          },
        ],
        "query": "1m,5m,10m",
        "refresh": "onTimeRangeChanged",
        "skipUrlSync": false,
      },
    },
    {
      "kind": "TextVariable",
      "spec": {
        "current": {
          "text": "value6",
          "value": "value6",
        },
        "description": "A text variable",
        "hide": "dontHide",
        "label": "Text Variable",
        "name": "textVar",
        "query": "value6",
        "skipUrlSync": false,
      },
    },
    {
      "kind": "GroupByVariable",
      "spec": {
        "current": {
          "text": "text7",
          "value": "value7",
        },
        "datasource": {
          "type": "prometheus",
          "uid": "datasource2",
        },
        "description": "A group by variable",
        "hide": "dontHide",
        "includeAll": false,
        "label": "Group By Variable",
        "multi": false,
        "name": "groupByVar",
        "options": [
          {
            "text": "option1",
            "value": "option1",
          },
          {
            "text": "option2",
            "value": "option2",
          },
        ],
        "skipUrlSync": false,
      },
    },
    {
      "kind": "AdhocVariable",
      "spec": {
        "baseFilters": [
          {
            "condition": "AND",
            "key": "key1",
            "operator": "=",
            "value": "value1",
          },
          {
            "condition": "OR",
            "key": "key2",
            "operator": "=",
            "value": "value2",
          },
        ],
        "datasource": {
          "type": "prometheus",
          "uid": "datasource3",
        },
        "defaultKeys": [
          {
            "expandable": true,
            "group": "defaultGroup1",
            "text": "defaultKey1",
            "value": "defaultKey1",
          },
        ],
        "description": "An adhoc variable",
        "filters": [
          {
            "condition": "AND",
            "key": "key3",
            "operator": "=",
            "value": "value3",
          },
        ],
        "hide": "dontHide",
        "label": "Adhoc Variable",
        "name": "adhocVar",
        "skipUrlSync": false,
      },
    },
  ],
}
`;
