// Jest Snapshot v1, https://goo.gl/fbAQLP

exports[`AlertRule abilities should report no permissions while we are loading data for cloud rule 1`] = `
{
  "delete-alert-rule": [
    false,
    false,
  ],
  "duplicate-alert-rule": [
    false,
    false,
  ],
  "explore-alert-rule": [
    true,
    false,
  ],
  "modify-export-rule": [
    false,
    false,
  ],
  "pause-alert-rule": [
    false,
    false,
  ],
  "silence-alert-rule": [
    false,
    false,
  ],
  "update-alert-rule": [
    false,
    false,
  ],
  "view-alert-rule": [
    true,
    false,
  ],
}
`;

exports[`AlertRule abilities should report that all actions are supported for a Grafana Managed alert rule 1`] = `
{
  "delete-alert-rule": [
    true,
    false,
  ],
  "duplicate-alert-rule": [
    true,
    false,
  ],
  "explore-alert-rule": [
    true,
    false,
  ],
  "modify-export-rule": [
    true,
    false,
  ],
  "pause-alert-rule": [
    true,
    false,
  ],
  "silence-alert-rule": [
    true,
    false,
  ],
  "update-alert-rule": [
    true,
    false,
  ],
  "view-alert-rule": [
    true,
    false,
  ],
}
`;

exports[`alertmanager abilities should report Create / Update / Delete actions aren't supported for external vanilla alertmanager 1`] = `
{
  "create-contact-point": [
    false,
    false,
  ],
  "create-mute-timing": [
    false,
    false,
  ],
  "create-notification-policy": [
    false,
    false,
  ],
  "create-notification-template": [
    false,
    false,
  ],
  "create-silence": [
    true,
    false,
  ],
  "decrypt-secrets": [
    false,
    false,
  ],
  "delete-contact-point": [
    false,
    false,
  ],
  "delete-mute-timing": [
    false,
    false,
  ],
  "delete-notification-policy": [
    false,
    false,
  ],
  "delete-notification-template": [
    false,
    false,
  ],
  "edit-contact-points": [
    false,
    false,
  ],
  "edit-notification-template": [
    false,
    false,
  ],
  "export-contact-point": [
    false,
    false,
  ],
  "export-mute-timings": [
    false,
    false,
  ],
  "export-notification-policies": [
    false,
    false,
  ],
  "preview-silenced-alerts": [
    true,
    false,
  ],
  "update-external-configuration": [
    false,
    false,
  ],
  "update-mute-timing": [
    false,
    false,
  ],
  "update-notification-policy-tree": [
    false,
    false,
  ],
  "update-silence": [
    true,
    false,
  ],
  "view-autogenerated-policy-tree": [
    false,
    false,
  ],
  "view-contact-point": [
    true,
    false,
  ],
  "view-external-configuration": [
    true,
    false,
  ],
  "view-mute-timing": [
    true,
    false,
  ],
  "view-notification-policy-tree": [
    true,
    false,
  ],
  "view-notification-template": [
    true,
    false,
  ],
  "view-silence": [
    true,
    false,
  ],
}
`;

exports[`alertmanager abilities should report everything except exporting for Mimir alertmanager 1`] = `
{
  "create-contact-point": [
    true,
    true,
  ],
  "create-mute-timing": [
    true,
    true,
  ],
  "create-notification-policy": [
    true,
    true,
  ],
  "create-notification-template": [
    true,
    true,
  ],
  "create-silence": [
    true,
    true,
  ],
  "decrypt-secrets": [
    false,
    false,
  ],
  "delete-contact-point": [
    true,
    true,
  ],
  "delete-mute-timing": [
    true,
    true,
  ],
  "delete-notification-policy": [
    true,
    true,
  ],
  "delete-notification-template": [
    true,
    true,
  ],
  "edit-contact-points": [
    true,
    true,
  ],
  "edit-notification-template": [
    true,
    true,
  ],
  "export-contact-point": [
    false,
    false,
  ],
  "export-mute-timings": [
    false,
    true,
  ],
  "export-notification-policies": [
    false,
    true,
  ],
  "preview-silenced-alerts": [
    true,
    true,
  ],
  "update-external-configuration": [
    true,
    true,
  ],
  "update-mute-timing": [
    true,
    true,
  ],
  "update-notification-policy-tree": [
    true,
    true,
  ],
  "update-silence": [
    true,
    true,
  ],
  "view-autogenerated-policy-tree": [
    false,
    false,
  ],
  "view-contact-point": [
    true,
    true,
  ],
  "view-external-configuration": [
    true,
    true,
  ],
  "view-mute-timing": [
    true,
    true,
  ],
  "view-notification-policy-tree": [
    true,
    true,
  ],
  "view-notification-template": [
    true,
    true,
  ],
  "view-silence": [
    true,
    true,
  ],
}
`;

exports[`alertmanager abilities should report everything is supported for builtin alertmanager 1`] = `
{
  "create-contact-point": [
    true,
    false,
  ],
  "create-mute-timing": [
    true,
    false,
  ],
  "create-notification-policy": [
    true,
    false,
  ],
  "create-notification-template": [
    true,
    false,
  ],
  "create-silence": [
    true,
    false,
  ],
  "decrypt-secrets": [
    true,
    false,
  ],
  "delete-contact-point": [
    true,
    false,
  ],
  "delete-mute-timing": [
    true,
    false,
  ],
  "delete-notification-policy": [
    true,
    false,
  ],
  "delete-notification-template": [
    true,
    false,
  ],
  "edit-contact-points": [
    true,
    false,
  ],
  "edit-notification-template": [
    true,
    false,
  ],
  "export-contact-point": [
    true,
    true,
  ],
  "export-mute-timings": [
    true,
    true,
  ],
  "export-notification-policies": [
    true,
    true,
  ],
  "preview-silenced-alerts": [
    true,
    true,
  ],
  "update-external-configuration": [
    true,
    false,
  ],
  "update-mute-timing": [
    true,
    false,
  ],
  "update-notification-policy-tree": [
    true,
    false,
  ],
  "update-silence": [
    true,
    false,
  ],
  "view-autogenerated-policy-tree": [
    true,
    false,
  ],
  "view-contact-point": [
    true,
    true,
  ],
  "view-external-configuration": [
    true,
    false,
  ],
  "view-mute-timing": [
    true,
    true,
  ],
  "view-notification-policy-tree": [
    true,
    true,
  ],
  "view-notification-template": [
    true,
    true,
  ],
  "view-silence": [
    true,
    true,
  ],
}
`;
