// Jest Snapshot v1, https://goo.gl/fbAQLP

exports[`Graph DataProcessor getTimeSeries from LegacyResponseData Should return a new series for each field 1`] = `
[
  TimeSeries {
    "alias": "Value",
    "aliasEscaped": "Value",
    "bars": {
      "fillColor": "#7EB26D",
    },
    "color": "#7EB26D",
    "dataFrameIndex": 0,
    "datapoints": [
      [
        1,
        1001,
      ],
      [
        2,
        1002,
      ],
      [
        3,
        1003,
      ],
    ],
    "fieldIndex": 1,
    "hasMsResolution": false,
    "id": "Value",
    "label": "Value",
    "legend": true,
    "stats": {},
    "unit": "watt",
    "valueFormater": [Function],
  },
  TimeSeries {
    "alias": "table_data v1",
    "aliasEscaped": "table_data v1",
    "bars": {
      "fillColor": "#EAB839",
    },
    "color": "#EAB839",
    "dataFrameIndex": 1,
    "datapoints": [
      [
        0.1,
        1001,
      ],
      [
        0.2,
        1002,
      ],
      [
        0.3,
        1003,
      ],
    ],
    "fieldIndex": 1,
    "hasMsResolution": false,
    "id": "table_data v1",
    "label": "table_data v1",
    "legend": true,
    "stats": {},
    "unit": "ohm",
    "valueFormater": [Function],
  },
  TimeSeries {
    "alias": "table_data v2",
    "aliasEscaped": "table_data v2",
    "bars": {
      "fillColor": "#6ED0E0",
    },
    "color": "#6ED0E0",
    "dataFrameIndex": 1,
    "datapoints": [
      [
        1.1,
        1001,
      ],
      [
        2.2,
        1002,
      ],
      [
        3.3,
        1003,
      ],
    ],
    "fieldIndex": 2,
    "hasMsResolution": false,
    "id": "table_data v2",
    "label": "table_data v2",
    "legend": true,
    "stats": {},
    "unit": undefined,
    "valueFormater": [Function],
  },
  TimeSeries {
    "alias": "series v1",
    "aliasEscaped": "series v1",
    "bars": {
      "fillColor": "#EF843C",
    },
    "color": "#EF843C",
    "dataFrameIndex": 2,
    "datapoints": [
      [
        0.1,
        1001,
      ],
      [
        0.2,
        1002,
      ],
      [
        0.3,
        1003,
      ],
    ],
    "fieldIndex": 0,
    "hasMsResolution": false,
    "id": "series v1",
    "label": "series v1",
    "legend": true,
    "stats": {},
    "unit": undefined,
    "valueFormater": [Function],
  },
  TimeSeries {
    "alias": "series v2",
    "aliasEscaped": "series v2",
    "bars": {
      "fillColor": "#E24D42",
    },
    "color": "#E24D42",
    "dataFrameIndex": 2,
    "datapoints": [
      [
        1.1,
        1001,
      ],
      [
        2.2,
        1002,
      ],
      [
        3.3,
        1003,
      ],
    ],
    "fieldIndex": 1,
    "hasMsResolution": false,
    "id": "series v2",
    "label": "series v2",
    "legend": true,
    "stats": {},
    "unit": undefined,
    "valueFormater": [Function],
  },
  TimeSeries {
    "alias": "series with time as strings v1",
    "aliasEscaped": "series with time as strings v1",
    "bars": {
      "fillColor": "#1F78C1",
    },
    "color": "#1F78C1",
    "dataFrameIndex": 3,
    "datapoints": [
      [
        0.1,
        1609462800000,
      ],
      [
        0.2,
        1609462800000,
      ],
      [
        0.3,
        1609466400000,
      ],
    ],
    "fieldIndex": 0,
    "hasMsResolution": false,
    "id": "series with time as strings v1",
    "label": "series with time as strings v1",
    "legend": true,
    "stats": {},
    "unit": undefined,
    "valueFormater": [Function],
  },
]
`;

exports[`Graph DataProcessor getTimeSeries from LegacyResponseData Should return single histogram 1`] = `
[
  TimeSeries {
    "alias": "Count",
    "aliasEscaped": "Count",
    "bars": {
      "fillColor": "#7EB26D",
    },
    "color": "#7EB26D",
    "dataFrameIndex": 0,
    "datapoints": [
      [
        1,
        1001,
      ],
      [
        2,
        1002,
      ],
      [
        3,
        1003,
      ],
      [
        0.1,
        1001,
      ],
      [
        0.2,
        1002,
      ],
      [
        0.3,
        1003,
      ],
      [
        1.1,
        1001,
      ],
      [
        2.2,
        1002,
      ],
      [
        3.3,
        1003,
      ],
      [
        0.1,
        1001,
      ],
      [
        0.2,
        1002,
      ],
      [
        0.3,
        1003,
      ],
      [
        1.1,
        1001,
      ],
      [
        2.2,
        1002,
      ],
      [
        3.3,
        1003,
      ],
      [
        0.1,
        1609462800000,
      ],
      [
        0.2,
        1609462800000,
      ],
      [
        0.3,
        1609466400000,
      ],
    ],
    "fieldIndex": 1,
    "hasMsResolution": false,
    "id": "Value",
    "label": "Value",
    "legend": true,
    "stats": {},
    "unit": "watt",
    "valueFormater": [Function],
  },
]
`;
