// Jest Snapshot v1, https://goo.gl/fbAQLP

exports[`alerting API server disabled should be able to test and save a receiver 1`] = `
[
  {
    "alert": {
      "annotations": {
        "description": "Test contact point",
      },
      "labels": {
        "foo": "bar",
      },
    },
    "receivers": [
      {
        "grafana_managed_receiver_configs": [
          {
            "disableResolveMessage": false,
            "name": "test",
            "secureSettings": {},
            "settings": {
              "addresses": "tester@grafana.com",
              "singleEmail": false,
            },
            "type": "email",
          },
        ],
        "name": "test",
      },
    ],
  },
]
`;

exports[`alerting API server disabled should be able to test and save a receiver 2`] = `
[
  [
    {
      "grafana_managed_receiver_configs": [
        {
          "disableResolveMessage": false,
          "name": "grafana-default-email",
          "secureFields": {},
          "settings": {
            "addresses": "gilles.demey@grafana.com",
            "singleEmail": false,
          },
          "type": "email",
          "uid": "xeKQrBrnk",
        },
      ],
      "name": "grafana-default-email",
    },
    {
      "grafana_managed_receiver_configs": [
        {
          "disableResolveMessage": false,
          "name": "provisioned-contact-point",
          "provenance": "api",
          "secureFields": {},
          "settings": {
            "addresses": "gilles.demey@grafana.com",
            "singleEmail": false,
          },
          "type": "email",
          "uid": "s8SdCVjnk",
        },
      ],
      "name": "provisioned-contact-point",
    },
    {
      "grafana_managed_receiver_configs": [
        {
          "disableResolveMessage": false,
          "name": "lotsa-emails",
          "secureFields": {},
          "settings": {
            "addresses": "gilles.demey+1@grafana.com, gilles.demey+2@grafana.com, gilles.demey+3@grafana.com, gilles.demey+4@grafana.com",
            "message": "{{ template "slack-template" . }}",
            "singleEmail": false,
            "subject": "some custom value",
          },
          "type": "email",
          "uid": "af306c96-35a2-4d6e-908a-4993e245dbb2",
        },
      ],
      "name": "lotsa-emails",
    },
    {
      "grafana_managed_receiver_configs": [
        {
          "disableResolveMessage": false,
          "name": "Slack with multiple channels",
          "secureFields": {
            "token": true,
          },
          "settings": {
            "recipient": "test-alerts",
          },
          "type": "slack",
          "uid": "c02ad56a-31da-46b9-becb-4348ec0890fd",
        },
        {
          "disableResolveMessage": false,
          "name": "Slack with multiple channels",
          "secureFields": {
            "token": true,
          },
          "settings": {
            "recipient": "test-alerts2",
          },
          "type": "slack",
          "uid": "b286a3be-f690-49e2-8605-b075cbace2df",
        },
      ],
      "name": "Slack with multiple channels",
    },
    {
      "grafana_managed_receiver_configs": [
        {
          "disableResolveMessage": false,
          "name": "Oncall-integration",
          "settings": {
            "url": "https://oncall-endpoint.example.com",
          },
          "type": "oncall",
        },
      ],
      "name": "OnCall Conctact point",
    },
    {
      "grafana_managed_receiver_configs": [
        {
          "disableResolveMessage": false,
          "name": "my new receiver",
          "secureSettings": {},
          "settings": {
            "addresses": "tester@grafana.com",
            "singleEmail": false,
          },
          "type": "email",
        },
      ],
      "name": "my new receiver",
    },
  ],
]
`;
