// Jest Snapshot v1, https://goo.gl/fbAQLP

exports[`formValuesToGrafanaReceiver should migrate regular settings to secure settings if the field is defined as secure 1`] = `
{
  "grafana_managed_receiver_configs": [
    {
      "disableResolveMessage": false,
      "name": "my-receiver",
      "secureSettings": {
        "url": "https://foo.bar/",
      },
      "settings": {},
      "type": "discord",
      "uid": "abc123",
    },
  ],
  "name": "my-receiver",
}
`;
