// Jest Snapshot v1, https://goo.gl/fbAQLP

exports[`hashRulerRule should hash alerting rule 1`] = `"852037155"`;

exports[`hashRulerRule should hash recording rules 1`] = `"914562864"`;
