// Jest Snapshot v1, https://goo.gl/fbAQLP

exports[`formValuesToRulerGrafanaRuleDTO should correctly convert rule form values for grafana alerting rule 1`] = `
{
  "annotations": {},
  "for": "1m",
  "grafana_alert": {
    "condition": "A",
    "data": [],
    "exec_err_state": "Error",
    "is_paused": false,
    "metadata": undefined,
    "no_data_state": "NoData",
    "notification_settings": undefined,
    "title": "",
  },
  "labels": {},
}
`;

exports[`formValuesToRulerGrafanaRuleDTO should correctly convert rule form values for grafana recording rule 1`] = `
{
  "annotations": {},
  "grafana_alert": {
    "condition": "A",
    "data": [],
    "is_paused": false,
    "record": {
      "from": "A",
      "metric": "",
    },
    "title": "",
  },
  "labels": {},
}
`;

exports[`formValuesToRulerGrafanaRuleDTO should not save both instant and range type queries 1`] = `
{
  "annotations": {},
  "for": "1m",
  "grafana_alert": {
    "condition": "A",
    "data": [
      {
        "datasourceUid": "dsuid",
        "model": {
          "expr": "",
          "instant": false,
          "range": true,
          "refId": "A",
        },
        "queryType": "query",
        "refId": "A",
        "relativeTimeRange": {
          "from": 900,
          "to": 1000,
        },
      },
    ],
    "exec_err_state": "Error",
    "is_paused": false,
    "metadata": undefined,
    "no_data_state": "NoData",
    "notification_settings": undefined,
    "title": "",
  },
  "labels": {},
}
`;

exports[`formValuesToRulerGrafanaRuleDTO should not set keep_firing_for if values are undefined 1`] = `
{
  "alert": "",
  "annotations": {},
  "expr": "",
  "for": "1m",
  "keep_firing_for": undefined,
  "labels": {},
}
`;

exports[`formValuesToRulerGrafanaRuleDTO should parse keep_firing_for 1`] = `
{
  "annotations": [],
  "expression": "B",
  "forTime": 1,
  "forTimeUnit": "m",
  "keepFiringForTime": 1,
  "keepFiringForTimeUnit": "m",
  "labels": [
    {
      "key": "",
      "value": "",
    },
  ],
  "name": "A",
}
`;

exports[`formValuesToRulerGrafanaRuleDTO should set keep_firing_for if values are populated 1`] = `
{
  "alert": "",
  "annotations": {},
  "expr": "",
  "for": "1m",
  "keep_firing_for": "1m",
  "labels": {},
}
`;

exports[`formValuesToRulerGrafanaRuleDTO should set keepFiringForTime and keepFiringForTimeUnit to undefined if keep_firing_for not set 1`] = `
{
  "annotations": [],
  "expression": "B",
  "forTime": 1,
  "forTimeUnit": "m",
  "keepFiringForTime": undefined,
  "keepFiringForTimeUnit": undefined,
  "labels": [
    {
      "key": "",
      "value": "",
    },
  ],
  "name": "A",
}
`;
