// Jest Snapshot v1, https://goo.gl/fbAQLP

exports[`RuleEditor cloud can create a new cloud alert 1`] = `
[
  {
    "body": "",
    "headers": [
      [
        "accept",
        "application/json, text/plain, */*",
      ],
    ],
    "method": "GET",
    "url": "https://mimir.local:9000/api/v1/status/buildinfo",
  },
  {
    "body": "",
    "headers": [
      [
        "accept",
        "application/json, text/plain, */*",
      ],
    ],
    "method": "GET",
    "url": "http://localhost/api/ruler/mimir/api/v1/rules/namespace-2/group-3?subtype=mimir",
  },
  {
    "body": {
      "interval": "1m",
      "name": "group-3",
      "rules": [
        {
          "alert": "rule 3",
          "annotations": {
            "summary": "test alert",
          },
          "expr": "up = 1",
          "labels": {
            "severity": "warning",
          },
        },
        {
          "alert": "rule 4",
          "annotations": {
            "summary": "test alert",
          },
          "expr": "up = 1",
          "labels": {
            "severity": "warning",
          },
        },
        {
          "alert": "my great new rule",
          "annotations": {
            "description": "some description",
            "summary": "some summary",
          },
          "expr": "up == 1",
          "for": "1m",
          "labels": {},
        },
      ],
    },
    "headers": [
      [
        "content-type",
        "application/json",
      ],
      [
        "accept",
        "application/json, text/plain, */*",
      ],
    ],
    "method": "POST",
    "url": "http://localhost/api/ruler/mimir/api/v1/rules/namespace-2?subtype=mimir",
  },
  {
    "body": "",
    "headers": [
      [
        "accept",
        "application/json, text/plain, */*",
      ],
    ],
    "method": "GET",
    "url": "http://localhost/api/ruler/mimir/api/v1/rules/namespace-2/group-3?subtype=mimir",
  },
]
`;
